fapmd8r Apicturealphabet " TeXBase1Encoding ReEncodeFont " <8r.enc <fapmd.pfb
faumw8r Augie " TeXBase1Encoding ReEncodeFont " <8r.enc <faumw.pfb
fdcmd8r DecadenceWithoutTheDiamonds " TeXBase1Encoding ReEncodeFont " <8r.enc <fdcmd.pfb
fdcmd8re Decadence " TeXBase1Encoding ReEncodeFont " <8r.enc <fdcmde.pfb
fdcmd8rc DecadenceCondensed " TeXBase1Encoding ReEncodeFont " <8r.enc <fdcmdc.pfb
fdcbd8r DecadenceInTheDark " TeXBase1Encoding ReEncodeFont " <8r.enc <fdcbd.pfb
fdcbd8rc DecadenceITDCondensed " TeXBase1Encoding ReEncodeFont " <8r.enc <fdcbdc.pfb
fdmbd8rc DecadenceITDCondensedMarquee " TeXBase1Encoding ReEncodeFont " <8r.enc <fdmbdc.pfb
fdcld8r DecadenceInADifferentLight " TeXBase1Encoding ReEncodeFont " <8r.enc <fdcld.pfb
finmd8r Intimacy " TeXBase1Encoding ReEncodeFont " <8r.enc <finmd.pfb
finld8r IntimacyDeux " TeXBase1Encoding ReEncodeFont " <8r.enc <finld.pfb
fjdmw8r Jd " TeXBase1Encoding ReEncodeFont " <8r.enc <fjdmw.pfb
fmvmdt8r Movieola " TeXBase1Encoding ReEncodeFont " <8r.enc <fmvmdt.pfb
fmtmdt8r Movieolatitletype " TeXBase1Encoding ReEncodeFont " <8r.enc <fmtmdt.pfb
fpkmr8r Pookie " TeXBase1Encoding ReEncodeFont " <8r.enc <fpkmr.pfb
fptmt8r PookieT " TeXBase1Encoding ReEncodeFont " <8r.enc <fptmt.pfb
fskmw8r Skeetch " TeXBase1Encoding ReEncodeFont " <8r.enc <fskmw.pfb
fspmr8r SpankysBungalow " TeXBase1Encoding ReEncodeFont " <8r.enc <fspmr.pfb
fspmi8r SpankysBungalowItalico " TeXBase1Encoding ReEncodeFont " <8r.enc <fspmi.pfb
fsbmr8r SpankysBungalowBlanco " TeXBase1Encoding ReEncodeFont " <8r.enc <fsbmr.pfb
fsbmi8r SpankysBungalowBlancoItalico " TeXBase1Encoding ReEncodeFont " <8r.enc <fsbmi.pfb
fsymp8r Syriac " TeXBase1Encoding ReEncodeFont " <8r.enc <fsymp.pfb
ftpmw8r TallPaul " TeXBase1Encoding ReEncodeFont " <8r.enc <ftpmw.pfb
ftsmdw8r Teenspirit " TeXBase1Encoding ReEncodeFont " <8r.enc <ftsmdw.pfb
fwbmr8r Webster " TeXBase1Encoding ReEncodeFont " <8r.enc <fwbmr.pfb